[36mvite v6.4.3 [32mbuilding for production...[36m[39m
transforming...
[32m✓[39m 2856 modules transformed.
rendering chunks...
computing gzip size...
[2mdist/[22m[32mindex.html                           [39m[1m[2m  2.06 kB[22m[1m[22m[2m │ gzip:   0.85 kB[22m
[2mdist/[22m[35massets/index-DBxfPMwh.css            [39m[1m[2m 65.79 kB[22m[1m[22m[2m │ gzip:  11.16 kB[22m
[2mdist/[22m[36massets/useDebounce-B8u2185l.js       [39m[1m[2m  0.20 kB[22m[1m[22m[2m │ gzip:   0.17 kB[22m
[2mdist/[22m[36massets/EmptyState-tT2h9A4n.js        [39m[1m[2m  2.41 kB[22m[1m[22m[2m │ gzip:   0.98 kB[22m
[2mdist/[22m[36massets/Exams-B6IzxVjH.js             [39m[1m[2m  3.03 kB[22m[1m[22m[2m │ gzip:   1.44 kB[22m
[2mdist/[22m[36massets/Audit-DChU2Zgs.js             [39m[1m[2m  3.16 kB[22m[1m[22m[2m │ gzip:   1.53 kB[22m
[2mdist/[22m[36massets/queueStore-DmtfgFdY.js        [39m[1m[2m  3.20 kB[22m[1m[22m[2m │ gzip:   1.18 kB[22m
[2mdist/[22m[36massets/Invoices-DTzatb-q.js          [39m[1m[2m  5.23 kB[22m[1m[22m[2m │ gzip:   2.13 kB[22m
[2mdist/[22m[36massets/Shortcuts-DXffPHDI.js         [39m[1m[2m  6.82 kB[22m[1m[22m[2m │ gzip:   2.21 kB[22m
[2mdist/[22m[36massets/Reports-D9sauRqG.js           [39m[1m[2m  7.07 kB[22m[1m[22m[2m │ gzip:   2.52 kB[22m
[2mdist/[22m[36massets/PatientsList-CwipKSvl.js      [39m[1m[2m  7.86 kB[22m[1m[22m[2m │ gzip:   2.94 kB[22m
[2mdist/[22m[36massets/InvoiceNew-Benj0r4h.js        [39m[1m[2m  7.86 kB[22m[1m[22m[2m │ gzip:   2.77 kB[22m
[2mdist/[22m[36massets/PatientNew-CsaJDCNq.js        [39m[1m[2m  8.99 kB[22m[1m[22m[2m │ gzip:   3.16 kB[22m
[2mdist/[22m[36massets/accountingStore-C-EFzAds.js   [39m[1m[2m  9.19 kB[22m[1m[22m[2m │ gzip:   2.49 kB[22m
[2mdist/[22m[36massets/PatientPortal-CeBxI2VM.js     [39m[1m[2m 11.48 kB[22m[1m[22m[2m │ gzip:   3.58 kB[22m
[2mdist/[22m[36massets/Appointments-Cd1kqqhc.js      [39m[1m[2m 11.97 kB[22m[1m[22m[2m │ gzip:   3.65 kB[22m
[2mdist/[22m[36massets/UserManagement-CuqIsaUu.js    [39m[1m[2m 12.60 kB[22m[1m[22m[2m │ gzip:   4.04 kB[22m
[2mdist/[22m[36massets/InvoiceDetail-CDdEnB5k.js     [39m[1m[2m 15.91 kB[22m[1m[22m[2m │ gzip:   4.27 kB[22m
[2mdist/[22m[36massets/Queue-CGDfusja.js             [39m[1m[2m 16.82 kB[22m[1m[22m[2m │ gzip:   5.15 kB[22m
[2mdist/[22m[36massets/XRayRequestModal-BKGsn5kW.js  [39m[1m[2m 17.08 kB[22m[1m[22m[2m │ gzip:   4.76 kB[22m
[2mdist/[22m[36massets/ExamWorkspace-CWX36_Oq.js     [39m[1m[2m 21.67 kB[22m[1m[22m[2m │ gzip:   6.35 kB[22m
[2mdist/[22m[36massets/Printable-BnRNw3cj.js         [39m[1m[2m 22.27 kB[22m[1m[22m[2m │ gzip:   5.68 kB[22m
[2mdist/[22m[36massets/Accounting-DRLw32k1.js        [39m[1m[2m 22.37 kB[22m[1m[22m[2m │ gzip:   5.31 kB[22m
[2mdist/[22m[36massets/date-fns-Ci-yvz9m.js          [39m[1m[2m 26.62 kB[22m[1m[22m[2m │ gzip:   7.76 kB[22m
[2mdist/[22m[36massets/Settings-CRaeeEa-.js          [39m[1m[2m 40.05 kB[22m[1m[22m[2m │ gzip:  10.46 kB[22m
[2mdist/[22m[36massets/icons-Djp2UVKZ.js             [39m[1m[2m 45.75 kB[22m[1m[22m[2m │ gzip:   8.95 kB[22m
[2mdist/[22m[36massets/react-vendor-B8RM8LEd.js      [39m[1m[2m 50.57 kB[22m[1m[22m[2m │ gzip:  17.89 kB[22m
[2mdist/[22m[36massets/PatientDetail-DfWFl4ap.js     [39m[1m[2m 58.87 kB[22m[1m[22m[2m │ gzip:  14.67 kB[22m
[2mdist/[22m[36massets/framer-wPvjFoR3.js            [39m[1m[2m116.72 kB[22m[1m[22m[2m │ gzip:  38.83 kB[22m
[2mdist/[22m[36massets/index-JMh3SE-j.js             [39m[1m[2m345.71 kB[22m[1m[22m[2m │ gzip: 105.85 kB[22m
[32m✓ built in 22.12s[39m
