[36mvite v6.4.3 [32mbuilding for production...[36m[39m
transforming...
[32m✓[39m 2856 modules transformed.
rendering chunks...
computing gzip size...
[2mdist/[22m[32mindex.html                           [39m[1m[2m  2.06 kB[22m[1m[22m[2m │ gzip:   0.85 kB[22m
[2mdist/[22m[35massets/index-BnsvA0wH.css            [39m[1m[2m 65.70 kB[22m[1m[22m[2m │ gzip:  11.15 kB[22m
[2mdist/[22m[36massets/useDebounce-B8u2185l.js       [39m[1m[2m  0.20 kB[22m[1m[22m[2m │ gzip:   0.17 kB[22m
[2mdist/[22m[36massets/EmptyState-kf37pDEt.js        [39m[1m[2m  2.41 kB[22m[1m[22m[2m │ gzip:   0.97 kB[22m
[2mdist/[22m[36massets/Exams-CyWEWww8.js             [39m[1m[2m  3.03 kB[22m[1m[22m[2m │ gzip:   1.44 kB[22m
[2mdist/[22m[36massets/Audit-Bwrw5JSr.js             [39m[1m[2m  3.16 kB[22m[1m[22m[2m │ gzip:   1.53 kB[22m
[2mdist/[22m[36massets/queueStore-jvdLKBqT.js        [39m[1m[2m  3.20 kB[22m[1m[22m[2m │ gzip:   1.18 kB[22m
[2mdist/[22m[36massets/Invoices-yHry_1lx.js          [39m[1m[2m  5.23 kB[22m[1m[22m[2m │ gzip:   2.13 kB[22m
[2mdist/[22m[36massets/Shortcuts-7_Z7wpW7.js         [39m[1m[2m  6.82 kB[22m[1m[22m[2m │ gzip:   2.21 kB[22m
[2mdist/[22m[36massets/Reports-EhPfX67M.js           [39m[1m[2m  7.07 kB[22m[1m[22m[2m │ gzip:   2.52 kB[22m
[2mdist/[22m[36massets/PatientsList-CDaghAuj.js      [39m[1m[2m  7.72 kB[22m[1m[22m[2m │ gzip:   2.87 kB[22m
[2mdist/[22m[36massets/InvoiceNew-jp4GVvcU.js        [39m[1m[2m  7.86 kB[22m[1m[22m[2m │ gzip:   2.77 kB[22m
[2mdist/[22m[36massets/PatientNew-CwOYX_ZS.js        [39m[1m[2m  8.99 kB[22m[1m[22m[2m │ gzip:   3.16 kB[22m
[2mdist/[22m[36massets/accountingStore-B2OvaIG9.js   [39m[1m[2m  9.19 kB[22m[1m[22m[2m │ gzip:   2.49 kB[22m
[2mdist/[22m[36massets/PatientPortal-B2UU2l59.js     [39m[1m[2m 11.48 kB[22m[1m[22m[2m │ gzip:   3.58 kB[22m
[2mdist/[22m[36massets/Appointments-EKOMfcTu.js      [39m[1m[2m 11.97 kB[22m[1m[22m[2m │ gzip:   3.65 kB[22m
[2mdist/[22m[36massets/UserManagement-DQsquJLp.js    [39m[1m[2m 12.60 kB[22m[1m[22m[2m │ gzip:   4.04 kB[22m
[2mdist/[22m[36massets/InvoiceDetail-Cie0dOfX.js     [39m[1m[2m 15.91 kB[22m[1m[22m[2m │ gzip:   4.27 kB[22m
[2mdist/[22m[36massets/Queue-GjRDwiJE.js             [39m[1m[2m 16.82 kB[22m[1m[22m[2m │ gzip:   5.15 kB[22m
[2mdist/[22m[36massets/XRayRequestModal-C0YOniJu.js  [39m[1m[2m 17.08 kB[22m[1m[22m[2m │ gzip:   4.76 kB[22m
[2mdist/[22m[36massets/ExamWorkspace-BiDfpP-Z.js     [39m[1m[2m 21.67 kB[22m[1m[22m[2m │ gzip:   6.35 kB[22m
[2mdist/[22m[36massets/Printable-J_aiZKj1.js         [39m[1m[2m 22.27 kB[22m[1m[22m[2m │ gzip:   5.68 kB[22m
[2mdist/[22m[36massets/Accounting-B0JP6vEY.js        [39m[1m[2m 22.37 kB[22m[1m[22m[2m │ gzip:   5.31 kB[22m
[2mdist/[22m[36massets/date-fns-Ci-yvz9m.js          [39m[1m[2m 26.62 kB[22m[1m[22m[2m │ gzip:   7.76 kB[22m
[2mdist/[22m[36massets/Settings-DJKNZ-qu.js          [39m[1m[2m 40.05 kB[22m[1m[22m[2m │ gzip:  10.46 kB[22m
[2mdist/[22m[36massets/icons-Djp2UVKZ.js             [39m[1m[2m 45.75 kB[22m[1m[22m[2m │ gzip:   8.95 kB[22m
[2mdist/[22m[36massets/react-vendor-B8RM8LEd.js      [39m[1m[2m 50.57 kB[22m[1m[22m[2m │ gzip:  17.89 kB[22m
[2mdist/[22m[36massets/PatientDetail-BtS-8k-L.js     [39m[1m[2m 58.87 kB[22m[1m[22m[2m │ gzip:  14.66 kB[22m
[2mdist/[22m[36massets/framer-wPvjFoR3.js            [39m[1m[2m116.72 kB[22m[1m[22m[2m │ gzip:  38.83 kB[22m
[2mdist/[22m[36massets/index-v0-4gaGn.js             [39m[1m[2m345.70 kB[22m[1m[22m[2m │ gzip: 105.83 kB[22m
[32m✓ built in 9.76s[39m
