
  ###  Synapse Systems - Final Deploy  ###

  [OK] Resources: D1 (ready) + KV (ready) + R2 (skipped) + Assets (./dist)

=== Step 1 : Upload Secrets ===
  [i] Uploading JWT_SECRET...
  [OK] JWT_SECRET
  [i] Uploading ENCRYPTION_KEY...
  [OK] ENCRYPTION_KEY
  [i] Uploading DATABASE_ENCRYPTION_KEY...
  [OK] DATABASE_ENCRYPTION_KEY

=== Step 2 : Install Worker dependencies ===
  [i] Worker deps already installed
  [OK] Worker deps ready

=== Step 3 : Apply database schema and seed ===
  [i] Applying schema (0001_initial.sql)...
    [32mIf you think this is a bug then please create an issue at https://github.com/cloudflare/workers-sdk/issues/new/choose[0m
    Note that there is a newer version of Wrangler available (4.123.0). Consider checking whether upgrading resolves this error.
    ? Would you like to report this error to Cloudflare? Wrangler's output and the error details will be shared with the Wrangler team to help us diagnose and fix the issue.
    ≡اجû Using fallback value in non-interactive context: no
    ≡از╡  Logs were written to "F:\anas al saleh1\node-portable\wrangler\config\logs\wrangler-2026-08-18_00-11-26_648.log"
  [OK] Schema applied
  [i] Seeding data (0002_seed.sql)...
    [32mIf you think this is a bug then please create an issue at https://github.com/cloudflare/workers-sdk/issues/new/choose[0m
    Note that there is a newer version of Wrangler available (4.123.0). Consider checking whether upgrading resolves this error.
    ? Would you like to report this error to Cloudflare? Wrangler's output and the error details will be shared with the Wrangler team to help us diagnose and fix the issue.
    ≡اجû Using fallback value in non-interactive context: no
    ≡از╡  Logs were written to "F:\anas al saleh1\node-portable\wrangler\config\logs\wrangler-2026-08-18_00-11-29_175.log"
  [OK] Seed applied

=== Step 4 : Deploy Worker + Frontend ===
  [i] Deploying...


> @synapse/worker@1.0.0 deploy
> node ../node-portable/wrangler/node_modules/wrangler/bin/wrangler.js deploy


 ظؤàي╕ wrangler 3.114.17 (update available 4.123.0)
------------------------------------------------

node.exe : [33mظû▓ [43;33m[[43;30mWARNING[43;33m][0m [1mThe version of 
Wrangler you are using is now out-of-date.[0m
At F:\anas al saleh1\deploy-final.ps1:98 char:14
+ $deployOut = & $NodeExe $npmCli "run" "deploy" 2>&1 | Out-String
+              ~~~~~~~~~~~~~~~~~~~~~~~~~~~~~~~~~~~~~~
    + CategoryInfo          : NotSpecified: ([33mظû▓ [43;3...ut-of-date.[0m 
   :String) [], RemoteException
    + FullyQualifiedErrorId : NativeCommandError
 

  Please update to the latest version to prevent critical errors.
  Run `npm install --save-dev wrangler@4` to update to the latest version.
  After installation, run Wrangler with `npx wrangler`.


≡اî Building list of assets...
≡اî Starting asset upload...
No files to upload. Proceeding with deployment...
Total Upload: 332.58 KiB / gzip: 67.72 KiB
Your worker has access to the following bindings:
- KV Namespaces:
  - CACHE: 3441f8c64ee248868c9ad453f0a546b0
- D1 Databases:
  - DB: synapse-systems-db (59afaea5-384b-4fd5-b0dc-e8f61f1f995c)
- Vars:
  - ENVIRONMENT: "production"
  - CLINIC_NAME: "╪╣┘è╪د╪»╪ر ╪د┘┘┘ê╪▒ ┘┘╪ث╪╖┘╪د┘"
  - CLINIC_NAME_EN: "Al-Noor Pediatric Clinic"
  - APP_VERSION: "1.0.0"

[31mX [41;31m[[41;97mERROR[41;31m][0m [1mA request to the Cloudflare API 
(/accounts/4cb018e4fe69cef8365deadec2cf16f0/workers/scripts/synapse-systems/ver
sions) failed.[0m

  CPU limits are not supported for the Free plan. Switch to a paid plan at [4m
https://dash.cloudflare.com/4cb018e4fe69cef8365deadec2cf16f0/workers/plans[0m 
to set CPU limits. [code: 100328]
  To learn more about this error, visit: [4mhttps://developers.cloudflare.com/
workers/platform/limits/#worker-limits[0m

  
  If you think this is a bug, please open an issue at: 
[4mhttps://github.com/cloudflare/workers-sdk/issues/new/choose[0m


≡از╡  Logs were written to "F:\anas al 
saleh1\node-portable\wrangler\config\logs\wrangler-2026-08-18_00-11-32_468.log"


  [!] Deployment may have succeeded but URL was not detected.
  Check the output above for the URL or visit:
  https://dash.cloudflare.com/4cb018e4fe69cef8365deadec2cf16f0/workers/services/view/synapse-systems

