
  ###  Synapse Systems - Final Deploy  ###

  [OK] Resources: D1 (ready) + KV (ready) + R2 (skipped) + Assets (./dist)

=== Step 1 : Upload Secrets ===
  [i] Uploading JWT_SECRET...
powershell : [31mX [41;31m[[41;97mERROR[41;31m][0m [1mUnknown arguments: 
<, C:\Users\Khaled\AppData\Local\Temp\synapse_jwt.tmp, 2>&1[0m
At line:1 char:85
+ ... ) + '.log'; powershell -ExecutionPolicy Bypass -File 'F:\anas al sale ...
+                 ~~~~~~~~~~~~~~~~~~~~~~~~~~~~~~~~~~~~~~~~~~~~~~~~~~~~~~~~~
    + CategoryInfo          : NotSpecified: ([31mX [41;31m...t.tmp, 2>&1[0m 
   :String) [], RemoteException
    + FullyQualifiedErrorId : NativeCommandError
 


≡از╡  Logs were written to "F:\anas al 
saleh1\node-portable\wrangler\config\logs\wrangler-2026-08-18_00-08-14_671.log"
  [!] JWT: 
wrangler secret put <key>

Create or update a secret variable for a Worker

POSITIONALS
  key  The variable name to be accessible in the Worker  [string] [required]

GLOBAL FLAGS
  -c, --config   Path to Wrangler configuration file  [string]
      --cwd      Run as if Wrangler was started in the specified directory instead of the current working directory  [string]
  -e, --env      Environment to use for operations, and for selecting .env and .dev.vars files  [string]
  -h, --help     Show help  [boolean]
  -v, --version  Show version number  [boolean]

OPTIONS
      --name  Name of the Worker  [string]

  [i] Uploading ENCRYPTION_KEY...
[31mX [41;31m[[41;97mERROR[41;31m][0m [1mUnknown arguments: <, 
C:\Users\Khaled\AppData\Local\Temp\synapse_enc.tmp, 2>&1[0m


≡از╡  Logs were written to "F:\anas al 
saleh1\node-portable\wrangler\config\logs\wrangler-2026-08-18_00-08-16_278.log"
  [!] ENC: 
wrangler secret put <key>

Create or update a secret variable for a Worker

POSITIONALS
  key  The variable name to be accessible in the Worker  [string] [required]

GLOBAL FLAGS
  -c, --config   Path to Wrangler configuration file  [string]
      --cwd      Run as if Wrangler was started in the specified directory instead of the current working directory  [string]
  -e, --env      Environment to use for operations, and for selecting .env and .dev.vars files  [string]
  -h, --help     Show help  [boolean]
  -v, --version  Show version number  [boolean]

OPTIONS
      --name  Name of the Worker  [string]

  [i] Uploading DATABASE_ENCRYPTION_KEY...
[31mX [41;31m[[41;97mERROR[41;31m][0m [1mUnknown arguments: <, 
C:\Users\Khaled\AppData\Local\Temp\synapse_db.tmp, 2>&1[0m


≡از╡  Logs were written to "F:\anas al 
saleh1\node-portable\wrangler\config\logs\wrangler-2026-08-18_00-08-17_967.log"
  [!] DB: 
wrangler secret put <key>

Create or update a secret variable for a Worker

POSITIONALS
  key  The variable name to be accessible in the Worker  [string] [required]

GLOBAL FLAGS
  -c, --config   Path to Wrangler configuration file  [string]
      --cwd      Run as if Wrangler was started in the specified directory instead of the current working directory  [string]
  -e, --env      Environment to use for operations, and for selecting .env and .dev.vars files  [string]
  -h, --help     Show help  [boolean]
  -v, --version  Show version number  [boolean]

OPTIONS
      --name  Name of the Worker  [string]


=== Step 2 : Install Worker dependencies ===
  [i] Worker deps already installed
  [OK] Worker deps ready

=== Step 3 : Apply database schema and seed ===
  [i] Applying schema (0001_initial.sql)...
    [32mIf you think this is a bug then please create an issue at https://github.com/cloudflare/workers-sdk/issues/new/choose[0m
    Note that there is a newer version of Wrangler available (4.123.0). Consider checking whether upgrading resolves this error.
    ? Would you like to report this error to Cloudflare? Wrangler's output and the error details will be shared with the Wrangler team to help us diagnose and fix the issue.
    ≡اجû Using fallback value in non-interactive context: no
    ≡از╡  Logs were written to "F:\anas al saleh1\node-portable\wrangler\config\logs\wrangler-2026-08-18_00-08-19_464.log"
  [OK] Schema applied
  [i] Seeding data (0002_seed.sql)...
    [32mIf you think this is a bug then please create an issue at https://github.com/cloudflare/workers-sdk/issues/new/choose[0m
    Note that there is a newer version of Wrangler available (4.123.0). Consider checking whether upgrading resolves this error.
    ? Would you like to report this error to Cloudflare? Wrangler's output and the error details will be shared with the Wrangler team to help us diagnose and fix the issue.
    ≡اجû Using fallback value in non-interactive context: no
    ≡از╡  Logs were written to "F:\anas al saleh1\node-portable\wrangler\config\logs\wrangler-2026-08-18_00-08-27_814.log"
  [OK] Seed applied

=== Step 4 : Deploy Worker + Frontend ===
  [i] Deploying...


> @synapse/worker@1.0.0 deploy
> node ../node-portable/node-v20.18.0-win-x64/node.exe ../node-portable/wrangler/node_modules/wrangler/bin/wrangler.js deploy

node.exe : node:internal/modules/esm/get_format:176
At F:\anas al saleh1\deploy-final.ps1:98 char:14
+ $deployOut = & $NodeExe $npmCli "run" "deploy" 2>&1 | Out-String
+              ~~~~~~~~~~~~~~~~~~~~~~~~~~~~~~~~~~~~~~
    + CategoryInfo          : NotSpecified: (node:internal/modules/esm/get_for 
   mat:176:String) [], RemoteException
    + FullyQualifiedErrorId : NativeCommandError
 
  throw new ERR_UNKNOWN_FILE_EXTENSION(ext, filepath);
        ^

TypeError [ERR_UNKNOWN_FILE_EXTENSION]: Unknown file extension ".exe" for 
F:\anas al saleh1\node-portable\node-v20.18.0-win-x64\node.exe
    at Object.getFileProtocolModuleFormat [as file:] 
(node:internal/modules/esm/get_format:176:9)
    at defaultGetFormat (node:internal/modules/esm/get_format:219:36)
    at defaultLoad (node:internal/modules/esm/load:143:22)
    at async ModuleLoader.load (node:internal/modules/esm/loader:555:7)
    at async ModuleLoader.moduleProvider 
(node:internal/modules/esm/loader:434:45)
    at async link (node:internal/modules/esm/module_job:87:21) {
  code: 'ERR_UNKNOWN_FILE_EXTENSION'
}

Node.js v20.18.0


  [!] Deployment may have succeeded but URL was not detected.
  Check the output above for the URL or visit:
  https://dash.cloudflare.com/4cb018e4fe69cef8365deadec2cf16f0/workers/services/view/synapse-systems

