npm.cmd : npm warn deprecated rollup-plugin-inject@3.0.2: This package has 
been deprecated and is no longer maintained. Please use @rollup/plugin-inject.
At line:1 char:357
+ ... wrangler' ; & 'f:\anas al saleh1\node-portable\node-v20.18.0-win-x64\ ...
+                 ~~~~~~~~~~~~~~~~~~~~~~~~~~~~~~~~~~~~~~~~~~~~~~~~~~~~~~~~~
    + CategoryInfo          : NotSpecified: (npm warn deprec.../plugin-inject. 
   :String) [], RemoteException
    + FullyQualifiedErrorId : NativeCommandError
 
npm warn deprecated sourcemap-codec@1.4.8: Please use 
@jridgewell/sourcemap-codec instead
npm warn tar TAR_ENTRY_ERROR ENOENT: no such file or directory, open 'F:\anas 
al saleh1\node-portable\wrangler\node_modules\@cloudflare\workerd-windows-64\pa
ckage.json'
npm warn tar TAR_ENTRY_ERROR ENOENT: no such file or directory, open 'F:\anas 
al saleh1\node-portable\wrangler\node_modules\@cloudflare\workerd-windows-64\RE
ADME.md'

> esbuild@0.17.19 postinstall
> node install.js


> workerd@1.20240909.0 postinstall
> node install.js

node:child_process:930
    throw err;
    ^

Error: Command failed: F:\anas al saleh1\node-portable\wrangler\node_modules\wo
rkerd\node_modules\@cloudflare\workerd-windows-64\bin\workerd.exe --version
    at genericNodeError (node:internal/errors:984:15)
    at wrappedFn (node:internal/errors:538:14)
    at checkExecSyncError (node:child_process:891:11)
    at Object.execFileSync (node:child_process:927:15)
    at Object.<anonymous> (F:\anas al 
saleh1\node-portable\wrangler\node_modules\workerd\bin\workerd:139:26)
    at Module._compile (node:internal/modules/cjs/loader:1469:14)
    at Module._extensions..js (node:internal/modules/cjs/loader:1548:10)
    at Module.load (node:internal/modules/cjs/loader:1288:32)
    at Module._load (node:internal/modules/cjs/loader:1104:12)
    at Function.executeUserEntryPoint [as runMain] 
(node:internal/modules/run_main:174:12) {
  status: 3221225781,
  signal: null,
  output: [ null, null, null ],
  pid: 16376,
  stdout: null,
  stderr: null
}

Node.js v20.18.0
[workerd] Failed to validate workerd binary

Local development will not work. This usually means you're on an unsupported
operating system, or missing some shared libraries.

added 81 packages in 2m
